  console.log
    Checking GET /users/123 against /^\/users\/\/([^/]+?)\/?$/i (isMiddleware: false): false

      at next (src/lib/router.ts:156:21)

  console.log
    Checking GET /search against /^\/search\/?$/i (isMiddleware: false): true

      at next (src/lib/router.ts:156:21)

  console.log
    Checking GET /api/test against /^\/api\/test\/?$/i (isMiddleware: false): true

      at next (src/lib/router.ts:156:21)

  console.log
    Checking GET /async against /^\/async\/?$/i (isMiddleware: false): true

      at next (src/lib/router.ts:156:21)

  console.log
    Checking GET / against /^\/\/?$/i (isMiddleware: false): true

      at next (src/lib/router.ts:156:21)

  console.log
    Checking POST /data against /^\/.*/i (isMiddleware: true): true

      at next (src/lib/router.ts:156:21)

  console.log
    Checking POST /data against /^\/data\/?$/i (isMiddleware: false): true

      at next (src/lib/router.ts:156:21)

  console.log
    Checking GET / against /^\/.*/i (isMiddleware: true): true

      at next (src/lib/router.ts:156:21)

  console.log
    Checking GET / against /^\/.*/i (isMiddleware: true): true

      at next (src/lib/router.ts:156:21)

  console.log
    Checking GET / against /^\/\/?$/i (isMiddleware: false): true

      at next (src/lib/router.ts:156:21)

  console.log
    Checking POST / against /^\/.*/i (isMiddleware: true): true

      at next (src/lib/router.ts:156:21)

  console.log
    Checking POST / against /^\/\/?$/i (isMiddleware: false): true

      at next (src/lib/router.ts:156:21)

  console.log
    Checking GET / against /^\/.*/i (isMiddleware: true): true

      at next (src/lib/router.ts:156:21)

  console.log
    Checking GET / against /^\/\/?$/i (isMiddleware: false): true

      at next (src/lib/router.ts:156:21)

